WARNING: All log messages before absl::InitializeLog() is called are written to STDERR
I0000 00:00:1787388631.701503     415 port.cc:153] oneDNN custom operations are on. You may see slightly different numerical results due to floating-point round-off errors from different computation orders. To turn them off, set the environment variable `TF_ENABLE_ONEDNN_OPTS=0`.
I0000 00:00:1787388631.754362     415 cpu_feature_guard.cc:227] This TensorFlow binary is optimized to use available CPU instructions in performance-critical operations.
To enable the following instructions: AVX2 AVX_VNNI FMA, in other operations, rebuild TensorFlow with the appropriate compiler flags.
WARNING: All log messages before absl::InitializeLog() is called are written to STDERR
I0000 00:00:1787388632.964512     415 port.cc:153] oneDNN custom operations are on. You may see slightly different numerical results due to floating-point round-off errors from different computation orders. To turn them off, set the environment variable `TF_ENABLE_ONEDNN_OPTS=0`.
I0000 00:00:1787388635.786944     415 gpu_device.cc:2043] Created device /job:localhost/replica:0/task:0/device:GPU:0 with 2244 MB memory:  -> device: 0, name: NVIDIA GeForce GTX 1650, pci bus id: 0000:01:00.0, compute capability: 7.5
I0000 00:00:1787388640.071736     415 cuda_dnn.cc:461] Loaded cuDNN version 92400
/home/ask/venvs/hardware-aware-quantization/lib/python3.13/site-packages/keras/src/trainers/epoch_iterator.py:74: UserWarning: `shuffle=True` was passed, but will be ignored since the data `x` was provided as a tf.data.Dataset. The Dataset is expected to already be shuffled (via `.shuffle(buffer_size)`).
  self.data_adapter = data_adapters.get_data_adapter(
Epoch 1/5
E0000 00:00:1787388648.761447     415 meta_optimizer.cc:967] layout failed: INVALID_ARGUMENT: Size of values 0 does not match size of permutation 4 @ fanin shape inStatefulPartitionedCall/deepweeds_efficientnet_b0_1/efficientnetb0_1/block2b_drop_1/stateless_dropout/SelectV2-2-TransposeNHWCToNCHW-LayoutOptimizer
1314/1314 - 96s - 73ms/step - accuracy: 0.5773 - loss: 0.9925 - val_accuracy: 0.5931 - val_loss: 1.1893 - learning_rate: 0.0010
Epoch 2/5
1314/1314 - 86s - 66ms/step - accuracy: 0.6845 - loss: 0.6671 - val_accuracy: 0.6094 - val_loss: 1.1770 - learning_rate: 0.0010
Epoch 3/5
1314/1314 - 108s - 82ms/step - accuracy: 0.7157 - loss: 0.5905 - val_accuracy: 0.6316 - val_loss: 1.1396 - learning_rate: 0.0010
Epoch 4/5
1314/1314 - 96s - 73ms/step - accuracy: 0.7329 - loss: 0.5341 - val_accuracy: 0.6545 - val_loss: 1.0570 - learning_rate: 0.0010
Epoch 5/5
1314/1314 - 89s - 68ms/step - accuracy: 0.7412 - loss: 0.5057 - val_accuracy: 0.6354 - val_loss: 1.1371 - learning_rate: 0.0010
Epoch 6/30
E0000 00:00:1787389131.067064     415 meta_optimizer.cc:967] layout failed: INVALID_ARGUMENT: Size of values 0 does not match size of permutation 4 @ fanin shape inStatefulPartitionedCall/deepweeds_efficientnet_b0_1/efficientnetb0_1/block2b_drop_1/stateless_dropout/SelectV2-2-TransposeNHWCToNCHW-LayoutOptimizer
1314/1314 - 246s - 187ms/step - accuracy: 0.7863 - loss: 0.4160 - val_accuracy: 0.7373 - val_loss: 0.7801 - learning_rate: 1.0000e-05
Epoch 7/30
1314/1314 - 232s - 176ms/step - accuracy: 0.8334 - loss: 0.3162 - val_accuracy: 0.7444 - val_loss: 0.8135 - learning_rate: 1.0000e-05
Epoch 8/30
1314/1314 - 354s - 269ms/step - accuracy: 0.8554 - loss: 0.2587 - val_accuracy: 0.7467 - val_loss: 0.8368 - learning_rate: 1.0000e-05
Epoch 9/30
1314/1314 - 359s - 274ms/step - accuracy: 0.8861 - loss: 0.1996 - val_accuracy: 0.7544 - val_loss: 0.8268 - learning_rate: 5.0000e-06
Epoch 10/30
1314/1314 - 386s - 294ms/step - accuracy: 0.8932 - loss: 0.1794 - val_accuracy: 0.7747 - val_loss: 0.7360 - learning_rate: 5.0000e-06
Epoch 11/30
1314/1314 - 448s - 341ms/step - accuracy: 0.9079 - loss: 0.1587 - val_accuracy: 0.7978 - val_loss: 0.6400 - learning_rate: 5.0000e-06
Epoch 12/30
1314/1314 - 278s - 212ms/step - accuracy: 0.9108 - loss: 0.1485 - val_accuracy: 0.7747 - val_loss: 0.7712 - learning_rate: 5.0000e-06
Epoch 13/30
1314/1314 - 287s - 218ms/step - accuracy: 0.9183 - loss: 0.1350 - val_accuracy: 0.7856 - val_loss: 0.7364 - learning_rate: 5.0000e-06
Epoch 14/30
1314/1314 - 279s - 212ms/step - accuracy: 0.9304 - loss: 0.1151 - val_accuracy: 0.7861 - val_loss: 0.7360 - learning_rate: 2.5000e-06
Epoch 15/30
1314/1314 - 283s - 215ms/step - accuracy: 0.9321 - loss: 0.1082 - val_accuracy: 0.7950 - val_loss: 0.6919 - learning_rate: 2.5000e-06
Epoch 16/30
1314/1314 - 278s - 211ms/step - accuracy: 0.9383 - loss: 0.1003 - val_accuracy: 0.8084 - val_loss: 0.6443 - learning_rate: 1.2500e-06
