WARNING: All log messages before absl::InitializeLog() is called are written to STDERR
I0000 00:00:1787324059.934873     427 port.cc:153] oneDNN custom operations are on. You may see slightly different numerical results due to floating-point round-off errors from different computation orders. To turn them off, set the environment variable `TF_ENABLE_ONEDNN_OPTS=0`.
I0000 00:00:1787324060.319608     427 cpu_feature_guard.cc:227] This TensorFlow binary is optimized to use available CPU instructions in performance-critical operations.
To enable the following instructions: AVX2 AVX_VNNI FMA, in other operations, rebuild TensorFlow with the appropriate compiler flags.
WARNING: All log messages before absl::InitializeLog() is called are written to STDERR
I0000 00:00:1787324062.674513     427 port.cc:153] oneDNN custom operations are on. You may see slightly different numerical results due to floating-point round-off errors from different computation orders. To turn them off, set the environment variable `TF_ENABLE_ONEDNN_OPTS=0`.
I0000 00:00:1787324067.535517     427 gpu_device.cc:2043] Created device /job:localhost/replica:0/task:0/device:GPU:0 with 2244 MB memory:  -> device: 0, name: NVIDIA GeForce GTX 1650, pci bus id: 0000:01:00.0, compute capability: 7.5
I0000 00:00:1787324071.650950     427 cuda_dnn.cc:461] Loaded cuDNN version 92400
/home/ask/venvs/hardware-aware-quantization/lib/python3.13/site-packages/keras/src/trainers/epoch_iterator.py:74: UserWarning: `shuffle=True` was passed, but will be ignored since the data `x` was provided as a tf.data.Dataset. The Dataset is expected to already be shuffled (via `.shuffle(buffer_size)`).
  self.data_adapter = data_adapters.get_data_adapter(
Epoch 1/5
1314/1314 - 72s - 55ms/step - accuracy: 0.5445 - loss: 1.1218 - val_accuracy: 0.4966 - val_loss: 1.5478 - learning_rate: 0.0010
Epoch 2/5
1314/1314 - 67s - 51ms/step - accuracy: 0.6576 - loss: 0.7864 - val_accuracy: 0.5848 - val_loss: 1.2548 - learning_rate: 0.0010
Epoch 3/5
1314/1314 - 67s - 51ms/step - accuracy: 0.6884 - loss: 0.6983 - val_accuracy: 0.6316 - val_loss: 1.0476 - learning_rate: 0.0010
Epoch 4/5
1314/1314 - 63s - 48ms/step - accuracy: 0.7055 - loss: 0.6370 - val_accuracy: 0.5791 - val_loss: 1.2760 - learning_rate: 0.0010
Epoch 5/5
1314/1314 - 63s - 48ms/step - accuracy: 0.7195 - loss: 0.6072 - val_accuracy: 0.5565 - val_loss: 1.4232 - learning_rate: 0.0010
Epoch 6/30
1314/1314 - 123s - 94ms/step - accuracy: 0.7203 - loss: 0.6031 - val_accuracy: 0.6662 - val_loss: 0.9871 - learning_rate: 1.0000e-05
Epoch 7/30
1314/1314 - 115s - 87ms/step - accuracy: 0.7856 - loss: 0.4365 - val_accuracy: 0.6159 - val_loss: 1.3094 - learning_rate: 1.0000e-05
Epoch 8/30
1314/1314 - 117s - 89ms/step - accuracy: 0.8289 - loss: 0.3283 - val_accuracy: 0.6773 - val_loss: 0.9564 - learning_rate: 1.0000e-05
Epoch 9/30
1314/1314 - 118s - 90ms/step - accuracy: 0.8648 - loss: 0.2506 - val_accuracy: 0.7230 - val_loss: 0.9430 - learning_rate: 1.0000e-05
Epoch 10/30
1314/1314 - 117s - 89ms/step - accuracy: 0.8880 - loss: 0.1993 - val_accuracy: 0.7621 - val_loss: 0.7157 - learning_rate: 1.0000e-05
Epoch 11/30
1314/1314 - 115s - 88ms/step - accuracy: 0.8976 - loss: 0.1699 - val_accuracy: 0.7353 - val_loss: 0.8884 - learning_rate: 1.0000e-05
Epoch 12/30
1314/1314 - 122s - 93ms/step - accuracy: 0.9200 - loss: 0.1331 - val_accuracy: 0.7604 - val_loss: 0.9161 - learning_rate: 1.0000e-05
Epoch 13/30
1314/1314 - 120s - 92ms/step - accuracy: 0.9559 - loss: 0.0627 - val_accuracy: 0.8053 - val_loss: 0.6848 - learning_rate: 5.0000e-06
Epoch 14/30
1314/1314 - 122s - 93ms/step - accuracy: 0.9617 - loss: 0.0543 - val_accuracy: 0.7776 - val_loss: 0.7774 - learning_rate: 5.0000e-06
Epoch 15/30
1314/1314 - 118s - 90ms/step - accuracy: 0.9653 - loss: 0.0483 - val_accuracy: 0.8104 - val_loss: 0.6992 - learning_rate: 5.0000e-06
Epoch 16/30
1314/1314 - 145s - 111ms/step - accuracy: 0.9773 - loss: 0.0278 - val_accuracy: 0.7967 - val_loss: 0.7614 - learning_rate: 2.5000e-06
Epoch 17/30
1314/1314 - 115s - 87ms/step - accuracy: 0.9802 - loss: 0.0267 - val_accuracy: 0.8055 - val_loss: 0.7118 - learning_rate: 2.5000e-06
Epoch 18/30
